\BOOKMARK [0][-]{part.1}{\376\377\000I\000\040\000T\000i\000m\000e\000\040\000S\000e\000r\000i\000e\000s\000\040\000\046\000\040\000S\000t\000a\000t\000i\000s\000t\000i\000c\000s}{}% 1
\BOOKMARK [1][-]{section.1}{\376\377\000A\000u\000t\000o\000R\000e\000g\000r\000e\000s\000s\000i\000v\000e\000\040\000M\000o\000d\000e\000l\000s\000\040\040\024\000\040\000A\000R\000\050\0001\000\051\000\040\000a\000n\000d\000\040\000A\000R\000\050\0003\000\051}{part.1}% 2
\BOOKMARK [1][-]{section.2}{\376\377\000H\000A\000R\000\040\000M\000o\000d\000e\000l\000\040\040\024\000\040\000H\000e\000t\000e\000r\000o\000g\000e\000n\000e\000o\000u\000s\000\040\000A\000u\000t\000o\000R\000e\000g\000r\000e\000s\000s\000i\000v\000e}{part.1}% 3
\BOOKMARK [1][-]{section.3}{\376\377\000R\000e\000a\000l\000i\000z\000e\000d\000\040\000V\000o\000l\000a\000t\000i\000l\000i\000t\000y\000\040\000\050\000R\000V\000\051}{part.1}% 4
\BOOKMARK [1][-]{section.4}{\376\377\000R\000i\000d\000g\000e\000\040\000R\000e\000g\000r\000e\000s\000s\000i\000o\000n}{part.1}% 5
\BOOKMARK [1][-]{section.5}{\376\377\000M\000S\000E\000\040\000a\000n\000d\000\040\000Q\000L\000I\000K\000E\000\040\000L\000o\000s\000s\000\040\000F\000u\000n\000c\000t\000i\000o\000n\000s}{part.1}% 6
\BOOKMARK [0][-]{part.2}{\376\377\000I\000I\000\040\000M\000a\000c\000h\000i\000n\000e\000\040\000L\000e\000a\000r\000n\000i\000n\000g\000\040\000F\000o\000u\000n\000d\000a\000t\000i\000o\000n\000s}{}% 7
\BOOKMARK [1][-]{section.6}{\376\377\000R\000e\000s\000e\000r\000v\000o\000i\000r\000\040\000C\000o\000m\000p\000u\000t\000i\000n\000g\000\040\000a\000n\000d\000\040\000E\000c\000h\000o\000\040\000S\000t\000a\000t\000e\000\040\000N\000e\000t\000w\000o\000r\000k\000s\000\040\000\050\000E\000S\000N\000\051}{part.2}% 8
\BOOKMARK [1][-]{section.7}{\376\377\000R\000a\000n\000d\000o\000m\000\040\000F\000o\000u\000r\000i\000e\000r\000\040\000F\000e\000a\000t\000u\000r\000e\000s\000\040\000\050\000R\000F\000F\000\051}{part.2}% 9
\BOOKMARK [1][-]{section.8}{\376\377\000O\000p\000t\000u\000n\000a\000\040\000a\000n\000d\000\040\000t\000h\000e\000\040\000T\000P\000E\000\040\000A\000l\000g\000o\000r\000i\000t\000h\000m}{part.2}% 10
\BOOKMARK [1][-]{section.9}{\376\377\000W\000a\000l\000k\000-\000F\000o\000r\000w\000a\000r\000d\000\040\000V\000a\000l\000i\000d\000a\000t\000i\000o\000n}{part.2}% 11
\BOOKMARK [0][-]{part.3}{\376\377\000I\000I\000I\000\040\000S\000t\000a\000t\000i\000s\000t\000i\000c\000a\000l\000\040\000I\000n\000f\000e\000r\000e\000n\000c\000e}{}% 12
\BOOKMARK [1][-]{section.10}{\376\377\000T\000h\000e\000\040\000D\000i\000e\000b\000o\000l\000d\000-\000M\000a\000r\000i\000a\000n\000o\000\040\000\050\000D\000M\000\051\000\040\000T\000e\000s\000t}{part.3}% 13
\BOOKMARK [1][-]{section.11}{\376\377\000N\000e\000w\000e\000y\000-\000W\000e\000s\000t\000\040\000H\000A\000C\000\040\000V\000a\000r\000i\000a\000n\000c\000e}{part.3}% 14
\BOOKMARK [1][-]{section.12}{\376\377\000H\000a\000n\000s\000e\000n\000\040\000M\000o\000d\000e\000l\000\040\000C\000o\000n\000f\000i\000d\000e\000n\000c\000e\000\040\000S\000e\000t\000\040\000\050\000M\000C\000S\000\051}{part.3}% 15
\BOOKMARK [0][-]{part.4}{\376\377\000I\000V\000\040\000Q\000u\000a\000n\000t\000u\000m\000\040\000P\000h\000o\000t\000o\000n\000i\000c\000s}{}% 16
\BOOKMARK [1][-]{section.13}{\376\377\000Q\000u\000a\000n\000t\000u\000m\000\040\000S\000t\000a\000t\000e\000s\000\040\000a\000n\000d\000\040\000F\000o\000c\000k\000\040\000S\000p\000a\000c\000e}{part.4}% 17
\BOOKMARK [1][-]{section.14}{\376\377\000L\000i\000n\000e\000a\000r\000\040\000O\000p\000t\000i\000c\000a\000l\000\040\000I\000n\000t\000e\000r\000f\000e\000r\000o\000m\000e\000t\000e\000r\000s\000\040\000a\000n\000d\000\040\000P\000h\000a\000s\000e\000\040\000E\000n\000c\000o\000d\000i\000n\000g}{part.4}% 18
\BOOKMARK [1][-]{section.15}{\376\377\000T\000h\000e\000\040\000P\000e\000r\000m\000a\000n\000e\000n\000t\000\040\000o\000f\000\040\000a\000\040\000M\000a\000t\000r\000i\000x\000\040\000a\000n\000d\000\040\000B\000o\000s\000o\000n\000\040\000S\000a\000m\000p\000l\000i\000n\000g}{part.4}% 19
\BOOKMARK [1][-]{section.16}{\376\377\000P\000e\000r\000c\000e\000v\000a\000l\000,\000\040\000S\000L\000O\000S\000,\000\040\000a\000n\000d\000\040\000M\000e\000r\000L\000i\000n}{part.4}% 20
\BOOKMARK [1][-]{section.17}{\376\377\000L\000e\000x\000G\000r\000o\000u\000p\000i\000n\000g\000\040\040\024\000\040\000C\000o\000m\000p\000r\000e\000s\000s\000i\000n\000g\000\040\000F\000o\000c\000k\000\040\000P\000r\000o\000b\000a\000b\000i\000l\000i\000t\000i\000e\000s}{part.4}% 21
\BOOKMARK [0][-]{part.5}{\376\377\000V\000\040\000B\000e\000n\000c\000h\000m\000a\000r\000k\000s\000\040\000a\000n\000d\000\040\000A\000r\000c\000h\000i\000t\000e\000c\000t\000u\000r\000e}{}% 22
\BOOKMARK [1][-]{section.18}{\376\377\000N\000A\000R\000M\000A\000-\0001\0000\000\040\000B\000e\000n\000c\000h\000m\000a\000r\000k}{part.5}% 23
\BOOKMARK [1][-]{section.19}{\376\377\000M\000a\000c\000k\000e\000y\000-\000G\000l\000a\000s\000s\000\040\000B\000e\000n\000c\000h\000m\000a\000r\000k}{part.5}% 24
\BOOKMARK [1][-]{section.20}{\376\377\000I\000n\000f\000o\000r\000m\000a\000t\000i\000o\000n\000\040\000P\000r\000o\000c\000e\000s\000s\000i\000n\000g\000\040\000C\000a\000p\000a\000c\000i\000t\000y\000\040\000\050\000I\000P\000C\000\051}{part.5}% 25
\BOOKMARK [1][-]{section.21}{\376\377\000V\000i\000r\000t\000u\000a\000l\000\040\000D\000e\000p\000t\000h}{part.5}% 26
\BOOKMARK [1][-]{section.22}{\376\377\000T\000h\000e\000\040\000F\000o\000c\000k\000-\000S\000p\000a\000c\000e\000\040\000S\000c\000a\000l\000i\000n\000g\000\040\000a\000n\000d\000\040\000H\000e\000t\000e\000r\000o\000g\000e\000n\000e\000o\000u\000s\000\040\000E\000n\000s\000e\000m\000b\000l\000e}{part.5}% 27
